{"timestamp": "2026-01-12T19:06:23.600487", "type": "COLLISION_WARNING", "message": "Collision in 2.6s!", "severity": "high"}
{"timestamp": "2026-01-12T19:06:26.624944", "type": "COLLISION_WARNING", "message": "Collision in 0.3s!", "severity": "critical"}
{"timestamp": "2026-01-12T19:06:29.662438", "type": "COLLISION_WARNING", "message": "Collision in 1.2s!", "severity": "critical"}
{"timestamp": "2026-01-12T19:06:34.063270", "type": "COLLISION_WARNING", "message": "Collision in 2.2s!", "severity": "high"}
{"timestamp": "2026-01-12T19:06:37.098855", "type": "COLLISION_WARNING", "message": "Collision in 0.3s!", "severity": "critical"}
{"timestamp": "2026-01-12T19:06:52.861961", "type": "COLLISION_WARNING", "message": "Collision in 0.6s!", "severity": "critical"}
{"timestamp": "2026-01-12T19:06:58.521742", "type": "COLLISION_WARNING", "message": "Collision in 2.6s!", "severity": "high"}
{"timestamp": "2026-01-12T19:07:01.635360", "type": "COLLISION_WARNING", "message": "Collision in 0.4s!", "severity": "critical"}
{"timestamp": "2026-01-12T19:07:07.601547", "type": "COLLISION_WARNING", "message": "Collision in 2.6s!", "severity": "high"}
{"timestamp": "2026-01-12T19:07:10.723034", "type": "COLLISION_WARNING", "message": "Collision in 0.9s!", "severity": "critical"}
{"timestamp": "2026-01-12T19:07:13.942480", "type": "COLLISION_WARNING", "message": "Collision in 0.9s!", "severity": "critical"}
{"timestamp": "2026-01-12T19:07:17.795192", "type": "COLLISION_WARNING", "message": "Collision in 0.5s!", "severity": "critical"}
{"timestamp": "2026-01-12T19:07:21.007432", "type": "COLLISION_WARNING", "message": "Collision in 2.2s!", "severity": "high"}
{"timestamp": "2026-01-12T19:07:24.026524", "type": "COLLISION_WARNING", "message": "Collision in 0.8s!", "severity": "critical"}
{"timestamp": "2026-01-12T19:07:27.063465", "type": "COLLISION_WARNING", "message": "Collision in 1.0s!", "severity": "critical"}
{"timestamp": "2026-01-12T19:07:30.242483", "type": "COLLISION_WARNING", "message": "Collision in 2.6s!", "severity": "high"}
{"timestamp": "2026-01-12T19:07:35.734276", "type": "COLLISION_WARNING", "message": "Collision in 2.6s!", "severity": "high"}
{"timestamp": "2026-01-12T19:07:39.040629", "type": "COLLISION_WARNING", "message": "Collision in 2.6s!", "severity": "high"}
{"timestamp": "2026-01-12T19:07:42.752664", "type": "COLLISION_WARNING", "message": "Collision in 1.2s!", "severity": "critical"}
{"timestamp": "2026-01-12T19:07:45.830805", "type": "COLLISION_WARNING", "message": "Collision in 1.1s!", "severity": "critical"}
{"timestamp": "2026-01-12T19:07:48.972588", "type": "COLLISION_WARNING", "message": "Collision in 0.8s!", "severity": "critical"}
{"timestamp": "2026-01-12T19:07:52.562891", "type": "COLLISION_WARNING", "message": "Collision in 1.8s!", "severity": "high"}
{"timestamp": "2026-01-12T19:07:55.637423", "type": "COLLISION_WARNING", "message": "Collision in 0.3s!", "severity": "critical"}
{"timestamp": "2026-01-12T19:07:58.663269", "type": "COLLISION_WARNING", "message": "Collision in 0.7s!", "severity": "critical"}
{"timestamp": "2026-01-12T19:08:01.878722", "type": "COLLISION_WARNING", "message": "Collision in 1.1s!", "severity": "critical"}
{"timestamp": "2026-01-12T19:08:04.959555", "type": "COLLISION_WARNING", "message": "Collision in 2.2s!", "severity": "high"}
{"timestamp": "2026-01-12T19:08:08.063136", "type": "COLLISION_WARNING", "message": "Collision in 2.0s!", "severity": "high"}
{"timestamp": "2026-01-12T19:08:11.224167", "type": "COLLISION_WARNING", "message": "Collision in 0.5s!", "severity": "critical"}
{"timestamp": "2026-01-12T19:08:14.378774", "type": "COLLISION_WARNING", "message": "Collision in 2.0s!", "severity": "high"}
{"timestamp": "2026-01-12T19:08:18.851145", "type": "COLLISION_WARNING", "message": "Collision in 1.3s!", "severity": "critical"}
{"timestamp": "2026-01-12T19:08:21.938379", "type": "COLLISION_WARNING", "message": "Collision in 1.2s!", "severity": "critical"}
{"timestamp": "2026-01-12T19:08:25.743719", "type": "COLLISION_WARNING", "message": "Collision in 0.7s!", "severity": "critical"}
{"timestamp": "2026-01-12T19:08:28.817742", "type": "COLLISION_WARNING", "message": "Collision in 2.6s!", "severity": "high"}
{"timestamp": "2026-01-12T19:08:32.966086", "type": "COLLISION_WARNING", "message": "Collision in 1.3s!", "severity": "critical"}
{"timestamp": "2026-01-12T19:08:36.847273", "type": "COLLISION_WARNING", "message": "Collision in 1.8s!", "severity": "high"}
{"timestamp": "2026-01-12T19:08:42.471555", "type": "COLLISION_WARNING", "message": "Collision in 1.0s!", "severity": "critical"}
{"timestamp": "2026-01-12T19:08:47.588887", "type": "COLLISION_WARNING", "message": "Collision in 2.0s!", "severity": "high"}
{"timestamp": "2026-01-12T19:08:51.374362", "type": "COLLISION_WARNING", "message": "Collision in 1.6s!", "severity": "high"}
{"timestamp": "2026-01-12T19:08:54.573895", "type": "COLLISION_WARNING", "message": "Collision in 2.2s!", "severity": "high"}
{"timestamp": "2026-01-12T19:08:57.709304", "type": "COLLISION_WARNING", "message": "Collision in 2.6s!", "severity": "high"}
{"timestamp": "2026-01-12T19:09:01.632329", "type": "COLLISION_WARNING", "message": "Collision in 2.2s!", "severity": "high"}
{"timestamp": "2026-01-12T19:09:05.531870", "type": "COLLISION_WARNING", "message": "Collision in 2.2s!", "severity": "high"}
{"timestamp": "2026-01-12T19:09:09.364936", "type": "COLLISION_WARNING", "message": "Collision in 2.0s!", "severity": "high"}
{"timestamp": "2026-01-12T19:09:12.687908", "type": "COLLISION_WARNING", "message": "Collision in 1.8s!", "severity": "high"}
{"timestamp": "2026-01-12T19:09:15.821665", "type": "COLLISION_WARNING", "message": "Collision in 2.0s!", "severity": "high"}
{"timestamp": "2026-01-12T19:09:20.153659", "type": "COLLISION_WARNING", "message": "Collision in 2.2s!", "severity": "high"}
{"timestamp": "2026-01-12T19:09:23.272529", "type": "COLLISION_WARNING", "message": "Collision in 2.0s!", "severity": "high"}
{"timestamp": "2026-01-12T19:09:26.693666", "type": "COLLISION_WARNING", "message": "Collision in 2.6s!", "severity": "high"}
{"timestamp": "2026-01-12T19:09:32.456071", "type": "COLLISION_WARNING", "message": "Collision in 2.6s!", "severity": "high"}
{"timestamp": "2026-01-12T19:09:37.363212", "type": "COLLISION_WARNING", "message": "Collision in 2.6s!", "severity": "high"}
{"timestamp": "2026-01-12T19:09:40.544811", "type": "COLLISION_WARNING", "message": "Collision in 2.6s!", "severity": "high"}
{"timestamp": "2026-01-12T19:09:43.816648", "type": "COLLISION_WARNING", "message": "Collision in 0.8s!", "severity": "critical"}
{"timestamp": "2026-01-12T19:09:47.052287", "type": "COLLISION_WARNING", "message": "Collision in 1.3s!", "severity": "critical"}
{"timestamp": "2026-01-12T19:09:50.130420", "type": "COLLISION_WARNING", "message": "Collision in 2.0s!", "severity": "high"}
{"timestamp": "2026-01-12T19:09:55.422281", "type": "COLLISION_WARNING", "message": "Collision in 2.2s!", "severity": "high"}
{"timestamp": "2026-01-12T19:09:58.511986", "type": "COLLISION_WARNING", "message": "Collision in 1.4s!", "severity": "critical"}
{"timestamp": "2026-01-12T19:10:01.845880", "type": "COLLISION_WARNING", "message": "Collision in 1.4s!", "severity": "critical"}
{"timestamp": "2026-01-12T19:10:06.197623", "type": "COLLISION_WARNING", "message": "Collision in 1.1s!", "severity": "critical"}
{"timestamp": "2026-01-12T19:10:11.521626", "type": "COLLISION_WARNING", "message": "Collision in 2.6s!", "severity": "high"}
{"timestamp": "2026-01-12T19:10:15.814795", "type": "COLLISION_WARNING", "message": "Collision in 2.6s!", "severity": "high"}
{"timestamp": "2026-01-12T19:10:23.759878", "type": "COLLISION_WARNING", "message": "Collision in 1.6s!", "severity": "high"}
{"timestamp": "2026-01-12T19:10:27.938904", "type": "COLLISION_WARNING", "message": "Collision in 2.6s!", "severity": "high"}
{"timestamp": "2026-01-12T19:10:31.138509", "type": "COLLISION_WARNING", "message": "Collision in 2.6s!", "severity": "high"}
{"timestamp": "2026-01-12T19:10:34.369526", "type": "COLLISION_WARNING", "message": "Collision in 2.6s!", "severity": "high"}
{"timestamp": "2026-01-12T19:10:37.545311", "type": "COLLISION_WARNING", "message": "Collision in 2.2s!", "severity": "high"}
{"timestamp": "2026-01-12T19:10:43.119186", "type": "COLLISION_WARNING", "message": "Collision in 2.0s!", "severity": "high"}
{"timestamp": "2026-01-12T19:10:46.291023", "type": "COLLISION_WARNING", "message": "Collision in 1.1s!", "severity": "critical"}
{"timestamp": "2026-01-12T19:10:49.405200", "type": "COLLISION_WARNING", "message": "Collision in 1.1s!", "severity": "critical"}
{"timestamp": "2026-01-12T19:11:01.433266", "type": "COLLISION_WARNING", "message": "Collision in 2.2s!", "severity": "high"}
{"timestamp": "2026-01-12T19:11:04.652591", "type": "COLLISION_WARNING", "message": "Collision in 2.0s!", "severity": "high"}
{"timestamp": "2026-01-12T19:11:08.899081", "type": "COLLISION_WARNING", "message": "Collision in 2.6s!", "severity": "high"}
{"timestamp": "2026-01-12T19:11:11.972537", "type": "COLLISION_WARNING", "message": "Collision in 2.6s!", "severity": "high"}
{"timestamp": "2026-01-12T19:11:15.036877", "type": "COLLISION_WARNING", "message": "Collision in 1.6s!", "severity": "high"}
{"timestamp": "2026-01-12T19:11:24.354411", "type": "COLLISION_WARNING", "message": "Collision in 1.4s!", "severity": "critical"}
{"timestamp": "2026-01-12T19:11:27.559655", "type": "COLLISION_WARNING", "message": "Collision in 2.6s!", "severity": "high"}
{"timestamp": "2026-01-12T19:11:30.747854", "type": "COLLISION_WARNING", "message": "Collision in 2.6s!", "severity": "high"}
{"timestamp": "2026-01-12T19:11:35.715118", "type": "COLLISION_WARNING", "message": "Collision in 2.2s!", "severity": "high"}
{"timestamp": "2026-01-12T19:11:38.775833", "type": "COLLISION_WARNING", "message": "Collision in 2.2s!", "severity": "high"}
{"timestamp": "2026-01-12T19:11:42.128554", "type": "COLLISION_WARNING", "message": "Collision in 1.8s!", "severity": "high"}
{"timestamp": "2026-01-12T19:11:45.846535", "type": "COLLISION_WARNING", "message": "Collision in 2.6s!", "severity": "high"}
{"timestamp": "2026-01-12T19:11:50.726107", "type": "COLLISION_WARNING", "message": "Collision in 2.2s!", "severity": "high"}
{"timestamp": "2026-01-12T19:11:54.686404", "type": "COLLISION_WARNING", "message": "Collision in 2.2s!", "severity": "high"}
{"timestamp": "2026-01-12T19:12:01.613698", "type": "COLLISION_WARNING", "message": "Collision in 2.0s!", "severity": "high"}
{"timestamp": "2026-01-12T19:12:04.797133", "type": "COLLISION_WARNING", "message": "Collision in 0.6s!", "severity": "critical"}
{"timestamp": "2026-01-12T19:12:07.853424", "type": "COLLISION_WARNING", "message": "Collision in 1.8s!", "severity": "high"}
{"timestamp": "2026-01-12T19:12:11.035892", "type": "COLLISION_WARNING", "message": "Collision in 1.2s!", "severity": "critical"}
{"timestamp": "2026-01-12T19:13:01.816978", "type": "COLLISION_WARNING", "message": "Collision in 1.8s!", "severity": "high"}
{"timestamp": "2026-01-12T19:13:04.908544", "type": "COLLISION_WARNING", "message": "Collision in 1.6s!", "severity": "high"}
{"timestamp": "2026-01-12T19:13:09.375303", "type": "COLLISION_WARNING", "message": "Collision in 1.1s!", "severity": "critical"}
{"timestamp": "2026-01-12T19:13:14.103905", "type": "COLLISION_WARNING", "message": "Collision in 2.0s!", "severity": "high"}
{"timestamp": "2026-01-12T19:13:18.161460", "type": "COLLISION_WARNING", "message": "Collision in 2.0s!", "severity": "high"}
{"timestamp": "2026-01-12T19:13:22.434682", "type": "COLLISION_WARNING", "message": "Collision in 2.0s!", "severity": "high"}
{"timestamp": "2026-01-12T19:13:45.900794", "type": "COLLISION_WARNING", "message": "Collision in 1.4s!", "severity": "critical"}
{"timestamp": "2026-01-12T19:13:49.121515", "type": "COLLISION_WARNING", "message": "Collision in 0.9s!", "severity": "critical"}
{"timestamp": "2026-01-12T19:13:52.185020", "type": "COLLISION_WARNING", "message": "Collision in 2.0s!", "severity": "high"}
{"timestamp": "2026-01-12T19:13:57.204812", "type": "COLLISION_WARNING", "message": "Collision in 2.2s!", "severity": "high"}
{"timestamp": "2026-01-12T19:14:00.981576", "type": "COLLISION_WARNING", "message": "Collision in 1.8s!", "severity": "high"}
{"timestamp": "2026-01-12T19:14:05.424229", "type": "COLLISION_WARNING", "message": "Collision in 2.0s!", "severity": "high"}
{"timestamp": "2026-01-12T19:14:10.086837", "type": "COLLISION_WARNING", "message": "Collision in 2.0s!", "severity": "high"}
{"timestamp": "2026-01-12T19:14:13.122026", "type": "COLLISION_WARNING", "message": "Collision in 0.6s!", "severity": "critical"}
{"timestamp": "2026-01-12T19:14:20.440842", "type": "COLLISION_WARNING", "message": "Collision in 2.2s!", "severity": "high"}
{"timestamp": "2026-01-12T19:14:23.526515", "type": "COLLISION_WARNING", "message": "Collision in 0.8s!", "severity": "critical"}
{"timestamp": "2026-01-12T19:14:26.643948", "type": "COLLISION_WARNING", "message": "Collision in 0.5s!", "severity": "critical"}
{"timestamp": "2026-01-12T19:14:31.329241", "type": "COLLISION_WARNING", "message": "Collision in 2.6s!", "severity": "high"}
{"timestamp": "2026-01-12T19:14:34.433827", "type": "COLLISION_WARNING", "message": "Collision in 0.9s!", "severity": "critical"}
{"timestamp": "2026-01-12T19:14:38.475032", "type": "COLLISION_WARNING", "message": "Collision in 2.2s!", "severity": "high"}
{"timestamp": "2026-01-12T19:14:41.667736", "type": "COLLISION_WARNING", "message": "Collision in 2.6s!", "severity": "high"}
{"timestamp": "2026-01-12T19:14:44.690022", "type": "COLLISION_WARNING", "message": "Collision in 2.0s!", "severity": "high"}
{"timestamp": "2026-01-12T19:14:47.766530", "type": "COLLISION_WARNING", "message": "Collision in 2.2s!", "severity": "high"}
{"timestamp": "2026-01-12T19:14:51.073390", "type": "COLLISION_WARNING", "message": "Collision in 2.0s!", "severity": "high"}
{"timestamp": "2026-01-12T19:14:54.720801", "type": "COLLISION_WARNING", "message": "Collision in 2.2s!", "severity": "high"}
{"timestamp": "2026-01-12T19:14:59.130558", "type": "COLLISION_WARNING", "message": "Collision in 1.6s!", "severity": "high"}
{"timestamp": "2026-01-12T19:15:05.682865", "type": "COLLISION_WARNING", "message": "Collision in 2.0s!", "severity": "high"}
{"timestamp": "2026-01-12T19:15:08.994135", "type": "COLLISION_WARNING", "message": "Collision in 2.6s!", "severity": "high"}
{"timestamp": "2026-01-12T19:15:13.164070", "type": "COLLISION_WARNING", "message": "Collision in 2.6s!", "severity": "high"}
{"timestamp": "2026-01-12T19:15:17.775240", "type": "COLLISION_WARNING", "message": "Collision in 0.9s!", "severity": "critical"}
{"timestamp": "2026-01-12T19:15:20.802910", "type": "COLLISION_WARNING", "message": "Collision in 1.0s!", "severity": "critical"}
{"timestamp": "2026-01-12T19:15:23.875841", "type": "COLLISION_WARNING", "message": "Collision in 0.4s!", "severity": "critical"}
{"timestamp": "2026-01-12T19:15:27.058616", "type": "COLLISION_WARNING", "message": "Collision in 0.5s!", "severity": "critical"}
{"timestamp": "2026-01-12T19:15:30.280616", "type": "COLLISION_WARNING", "message": "Collision in 2.0s!", "severity": "high"}
{"timestamp": "2026-01-12T19:15:33.378200", "type": "COLLISION_WARNING", "message": "Collision in 1.8s!", "severity": "high"}
{"timestamp": "2026-01-12T19:15:36.517867", "type": "COLLISION_WARNING", "message": "Collision in 1.6s!", "severity": "high"}
{"timestamp": "2026-01-12T19:15:39.677983", "type": "COLLISION_WARNING", "message": "Collision in 1.5s!", "severity": "high"}
{"timestamp": "2026-01-12T19:15:43.087768", "type": "COLLISION_WARNING", "message": "Collision in 0.2s!", "severity": "critical"}
{"timestamp": "2026-01-12T19:15:46.834543", "type": "COLLISION_WARNING", "message": "Collision in 0.4s!", "severity": "critical"}
{"timestamp": "2026-01-12T19:15:50.133761", "type": "COLLISION_WARNING", "message": "Collision in 0.2s!", "severity": "critical"}
{"timestamp": "2026-01-12T19:15:53.406634", "type": "COLLISION_WARNING", "message": "Collision in 0.5s!", "severity": "critical"}
{"timestamp": "2026-01-12T19:15:56.523188", "type": "COLLISION_WARNING", "message": "Collision in 0.2s!", "severity": "critical"}
{"timestamp": "2026-01-12T19:15:59.769645", "type": "COLLISION_WARNING", "message": "Collision in 2.2s!", "severity": "high"}
{"timestamp": "2026-01-12T19:16:04.017912", "type": "COLLISION_WARNING", "message": "Collision in 2.0s!", "severity": "high"}
{"timestamp": "2026-01-12T19:16:07.154005", "type": "COLLISION_WARNING", "message": "Collision in 0.8s!", "severity": "critical"}
{"timestamp": "2026-01-12T19:16:10.867798", "type": "COLLISION_WARNING", "message": "Collision in 1.4s!", "severity": "critical"}
{"timestamp": "2026-01-12T19:16:13.999484", "type": "COLLISION_WARNING", "message": "Collision in 2.6s!", "severity": "high"}
{"timestamp": "2026-01-12T19:16:17.098744", "type": "COLLISION_WARNING", "message": "Collision in 1.5s!", "severity": "high"}
{"timestamp": "2026-01-12T19:16:20.430252", "type": "COLLISION_WARNING", "message": "Collision in 1.0s!", "severity": "critical"}
{"timestamp": "2026-01-12T19:16:23.585140", "type": "COLLISION_WARNING", "message": "Collision in 0.6s!", "severity": "critical"}
{"timestamp": "2026-01-12T19:16:26.925286", "type": "COLLISION_WARNING", "message": "Collision in 1.4s!", "severity": "critical"}
{"timestamp": "2026-01-12T19:16:30.366041", "type": "COLLISION_WARNING", "message": "Collision in 0.9s!", "severity": "critical"}
{"timestamp": "2026-01-12T19:16:33.474663", "type": "COLLISION_WARNING", "message": "Collision in 1.6s!", "severity": "high"}
{"timestamp": "2026-01-12T19:16:36.679230", "type": "COLLISION_WARNING", "message": "Collision in 0.5s!", "severity": "critical"}
{"timestamp": "2026-01-12T19:16:40.762076", "type": "COLLISION_WARNING", "message": "Collision in 1.8s!", "severity": "high"}
{"timestamp": "2026-01-12T19:16:46.919742", "type": "COLLISION_WARNING", "message": "Collision in 1.2s!", "severity": "critical"}
{"timestamp": "2026-01-12T19:16:49.961123", "type": "COLLISION_WARNING", "message": "Collision in 1.1s!", "severity": "critical"}
{"timestamp": "2026-01-12T19:16:53.160641", "type": "COLLISION_WARNING", "message": "Collision in 2.8s!", "severity": "high"}
{"timestamp": "2026-01-12T19:17:06.770942", "type": "COLLISION_WARNING", "message": "Collision in 1.0s!", "severity": "critical"}
{"timestamp": "2026-01-12T19:17:09.856660", "type": "COLLISION_WARNING", "message": "Collision in 2.6s!", "severity": "high"}
{"timestamp": "2026-01-12T19:17:12.908310", "type": "COLLISION_WARNING", "message": "Collision in 1.5s!", "severity": "high"}
{"timestamp": "2026-01-12T19:17:21.933702", "type": "COLLISION_WARNING", "message": "Collision in 1.4s!", "severity": "critical"}
{"timestamp": "2026-01-12T19:17:24.947582", "type": "COLLISION_WARNING", "message": "Collision in 2.2s!", "severity": "high"}
{"timestamp": "2026-01-12T19:17:28.112895", "type": "COLLISION_WARNING", "message": "Collision in 0.5s!", "severity": "critical"}
{"timestamp": "2026-01-12T19:17:31.314281", "type": "COLLISION_WARNING", "message": "Collision in 0.6s!", "severity": "critical"}
{"timestamp": "2026-01-12T19:17:34.361888", "type": "COLLISION_WARNING", "message": "Collision in 1.4s!", "severity": "critical"}
{"timestamp": "2026-01-12T19:17:37.501497", "type": "COLLISION_WARNING", "message": "Collision in 2.0s!", "severity": "high"}
{"timestamp": "2026-01-12T19:17:40.682434", "type": "COLLISION_WARNING", "message": "Collision in 1.4s!", "severity": "critical"}
{"timestamp": "2026-01-12T19:17:43.785701", "type": "COLLISION_WARNING", "message": "Collision in 1.4s!", "severity": "critical"}
{"timestamp": "2026-01-12T19:17:47.686213", "type": "COLLISION_WARNING", "message": "Collision in 2.6s!", "severity": "high"}
{"timestamp": "2026-01-12T19:47:47.000005", "type": "COLLISION_WARNING", "message": "Collision warning! Object at 0.5m", "severity": "critical"}
{"timestamp": "2026-01-12T19:47:50.132151", "type": "COLLISION_WARNING", "message": "Collision warning! Object at 0.5m", "severity": "critical"}
{"timestamp": "2026-01-12T19:47:53.293518", "type": "COLLISION_WARNING", "message": "Collision warning! Object at 0.5m", "severity": "critical"}
{"timestamp": "2026-01-12T19:47:56.371688", "type": "COLLISION_WARNING", "message": "Collision warning! Object at 0.5m", "severity": "critical"}
{"timestamp": "2026-01-12T19:47:59.558833", "type": "COLLISION_WARNING", "message": "Collision warning! Object at 0.5m", "severity": "critical"}
{"timestamp": "2026-01-12T19:48:02.614082", "type": "COLLISION_WARNING", "message": "Collision warning! Object at 0.5m", "severity": "critical"}
{"timestamp": "2026-01-12T19:48:05.690626", "type": "COLLISION_WARNING", "message": "Collision warning! Object at 0.5m", "severity": "critical"}
{"timestamp": "2026-01-12T19:48:08.861695", "type": "COLLISION_WARNING", "message": "Collision warning! Object at 0.5m", "severity": "critical"}
{"timestamp": "2026-01-12T19:48:11.939698", "type": "COLLISION_WARNING", "message": "Collision warning! Object at 0.5m", "severity": "critical"}
{"timestamp": "2026-01-12T19:48:15.084814", "type": "COLLISION_WARNING", "message": "Collision warning! Object at 0.5m", "severity": "critical"}
{"timestamp": "2026-01-12T19:48:18.246476", "type": "COLLISION_WARNING", "message": "Collision warning! Object at 0.5m", "severity": "critical"}
{"timestamp": "2026-01-12T19:48:21.378872", "type": "COLLISION_WARNING", "message": "Collision warning! Object at 0.5m", "severity": "critical"}
{"timestamp": "2026-01-12T19:48:24.416679", "type": "COLLISION_WARNING", "message": "Collision warning! Object at 0.5m", "severity": "critical"}
{"timestamp": "2026-01-12T19:48:27.428727", "type": "COLLISION_WARNING", "message": "Collision warning! Object at 0.5m", "severity": "critical"}
{"timestamp": "2026-01-12T19:48:30.448306", "type": "COLLISION_WARNING", "message": "Collision warning! Object at 0.5m", "severity": "critical"}
{"timestamp": "2026-01-12T19:48:33.615125", "type": "COLLISION_WARNING", "message": "Collision warning! Object at 0.5m", "severity": "critical"}
{"timestamp": "2026-01-12T19:48:36.667867", "type": "COLLISION_WARNING", "message": "Collision warning! Object at 0.5m", "severity": "critical"}
{"timestamp": "2026-01-12T19:48:40.585412", "type": "COLLISION_WARNING", "message": "Collision warning! Object at 2.0m", "severity": "high"}
{"timestamp": "2026-01-12T19:48:46.944462", "type": "COLLISION_WARNING", "message": "Collision warning! Object at 1.9m", "severity": "high"}
{"timestamp": "2026-01-12T19:48:50.449438", "type": "COLLISION_WARNING", "message": "Collision warning! Object at 0.5m", "severity": "critical"}
{"timestamp": "2026-01-12T19:55:14.138551", "type": "test_low", "message": "This is a low severity test alert", "severity": "low"}
{"timestamp": "2026-01-12T19:55:16.143659", "type": "test_medium", "message": "This is a medium severity test alert", "severity": "medium"}
{"timestamp": "2026-01-12T19:55:18.146837", "type": "test_high", "message": "This is a high severity test alert", "severity": "high"}
{"timestamp": "2026-01-12T19:55:20.150553", "type": "test_critical", "message": "This is a critical severity test alert", "severity": "critical"}
{"timestamp": "2026-01-12T19:55:28.239973", "type": "test_low", "message": "This is a low severity test alert", "severity": "low"}
{"timestamp": "2026-01-12T19:55:30.244498", "type": "test_medium", "message": "This is a medium severity test alert", "severity": "medium"}
{"timestamp": "2026-01-12T19:55:32.248335", "type": "test_high", "message": "This is a high severity test alert", "severity": "high"}
{"timestamp": "2026-01-12T19:55:34.252369", "type": "test_critical", "message": "This is a critical severity test alert", "severity": "critical"}
{"timestamp": "2026-01-12T19:55:36.291385", "type": "COLLISION_WARNING", "message": "Collision warning! Object at 0.5m", "severity": "critical"}
{"timestamp": "2026-01-12T19:55:39.397210", "type": "COLLISION_WARNING", "message": "Collision warning! Object at 0.5m", "severity": "critical"}
{"timestamp": "2026-01-12T19:55:42.550753", "type": "COLLISION_WARNING", "message": "Collision warning! Object at 0.5m", "severity": "critical"}
{"timestamp": "2026-01-12T19:55:45.630983", "type": "COLLISION_WARNING", "message": "Collision warning! Object at 0.5m", "severity": "critical"}
{"timestamp": "2026-01-12T19:55:48.751766", "type": "COLLISION_WARNING", "message": "Collision warning! Object at 0.5m", "severity": "critical"}
{"timestamp": "2026-01-12T19:55:51.815673", "type": "COLLISION_WARNING", "message": "Collision warning! Object at 0.5m", "severity": "critical"}
{"timestamp": "2026-01-12T19:55:54.983674", "type": "COLLISION_WARNING", "message": "Collision warning! Object at 0.5m", "severity": "critical"}
{"timestamp": "2026-01-12T19:55:58.144745", "type": "COLLISION_WARNING", "message": "Collision warning! Object at 0.5m", "severity": "critical"}
{"timestamp": "2026-01-12T19:56:01.363525", "type": "COLLISION_WARNING", "message": "Collision warning! Object at 0.5m", "severity": "critical"}
{"timestamp": "2026-01-12T20:06:32.146714", "type": "COLLISION_WARNING", "message": "Collision warning! Object at 0.5m", "severity": "critical"}
{"timestamp": "2026-01-12T20:06:35.331348", "type": "COLLISION_WARNING", "message": "Collision warning! Object at 0.5m", "severity": "critical"}
{"timestamp": "2026-01-12T20:06:38.458179", "type": "COLLISION_WARNING", "message": "Collision warning! Object at 0.5m", "severity": "critical"}
{"timestamp": "2026-01-12T20:06:41.791132", "type": "COLLISION_WARNING", "message": "Collision warning! Object at 0.5m", "severity": "critical"}
{"timestamp": "2026-01-19T11:04:39.089891", "type": "COLLISION_WARNING", "message": "Collision warning! Object at 0.6m", "severity": "critical"}
{"timestamp": "2026-01-19T11:04:43.399365", "type": "COLLISION_WARNING", "message": "Collision warning! Object at 0.6m", "severity": "critical"}
{"timestamp": "2026-01-19T11:04:47.800265", "type": "COLLISION_WARNING", "message": "Collision warning! Object at 0.6m", "severity": "critical"}
{"timestamp": "2026-01-19T11:04:52.086124", "type": "COLLISION_WARNING", "message": "Collision warning! Object at 0.6m", "severity": "critical"}
{"timestamp": "2026-01-19T11:04:56.340162", "type": "COLLISION_WARNING", "message": "Collision warning! Object at 0.6m", "severity": "critical"}
{"timestamp": "2026-01-19T11:05:00.687437", "type": "COLLISION_WARNING", "message": "Collision warning! Object at 0.6m", "severity": "critical"}
